// Jest Snapshot v1, https://goo.gl/fbAQLP

exports[`RouteManager renders without crashing 1`] = `ShallowWrapper {}`;
